// Jest Snapshot v1, https://goo.gl/fbAQLP

exports[`<FruitForm /> should match snapshot with props 1`] = `ShallowWrapper {}`;
