// Jest Snapshot v1, https://goo.gl/fbAQLP

exports[`<Home /> should match snapshot with props 1`] = `ShallowWrapper {}`;
